MAP
# base.map


NAME base
STATUS ON
SIZE 450 350
FONTSET "./fonts.list"
EXTENT 200000 4400000 710000 4900000
UNITS METERS
SHAPEPATH "./"
SYMBOLSET "./stations.sym"
#TRANSPARENT off
#INTERLACE off
IMAGECOLOR 140 144 90


#IMAGETYPE png

OUTPUTFORMAT
	NAME png
	MIMETYPE "image/png"
	DRIVER "GD/PNG"
	IMAGEMODE PC256
	TRANSPARENT OFF
END
OUTPUTFORMAT
	NAME png24
	MIMETYPE "image/png"
	DRIVER "GD/PNG"
	IMAGEMODE RGB
	TRANSPARENT OFF
END


#
PROJECTION
  "init=epsg:26915"
END

#
LEGEND
  STATUS EMBED
  OUTLINECOLOR 0 0 0
  IMAGECOLOR 0 0 0
  LABEL
    COLOR 255 255 255
  END
  POSITION LR
END

#
WEB
  HEADER q_header.html
  TEMPLATE fancy.html
  FOOTER q_footer.html
  MINSCALE 90000
  MAXSCALE 40000000
  IMAGEPATH "/var/www/html/tmp/"
  IMAGEURL "/tmp/"
  LOG "/tmp/fancy.log"
END

LAYER
  NAME credits
  TYPE ANNOTATION
  STATUS OFF
  TRANSFORM FALSE
  LABELCACHE ON
  CLASS
    NAME 'credits'
    LABEL
      #BACKGROUNDCOLOR 0 0 0
      COLOR 250 250 250
      #BACKGROUNDSHADOWCOLOR 0 0 0
      #BACKGROUNDSHADOWSIZE 1 1
      SHADOWCOLOR 0 0 0
      TYPE TRUETYPE
      SIZE 14
      BUFFER 4
      FONT 'liberation-bold'
      POSITION CR
      FORCE TRUE
      PARTIALS TRUE
    END
  END
END

# Iowa Cities labels
LAYER
  NAME iowa_map_cities
  STATUS OFF
  TYPE POINT
  DATA "/mesonet/data/gis/static/shape/26915/iowa/iowa_map_cities.shp"
  PROJECTION
   "init=epsg:26915"
  END
  LABELITEM "NAME"
  CLASS
    COLOR 0 0 0
	LABEL
	  TYPE BITMAP
		SIZE MEDIUM
		OUTLINECOLOR 250 250 250
		COLOR 0 0 0
		FORCE FALSE
		BUFFER 20
		POSITION AUTO
		PARTIALS false
	END
  END
END

#

#
LAYER
	NAME cities
	STATUS OFF
	TYPE	POLYGON
	DATA	"/mesonet/data/gis/static/shape/26915/iowa/incorporated_cities_2010.shp"
	PROJECTION
		"init=epsg:26915"
	END
	LABELITEM "NAME10"
	LABELMAXSCALE 700000
	MAXSCALE 1000000
	LABELCACHE	ON
	CLASS
		OUTLINECOLOR 0 0 0
		COLOR 210 210 210
		LABEL
			TYPE BITMAP
			SIZE MEDIUM
			OUTLINECOLOR 250 250 250
			COLOR 0 0 0
			FORCE FALSE
			BUFFER 20
			POSITION AUTO
			PARTIALS false
		END
	END
END

#
LAYER
  NAME counties
  STATUS OFF
  TYPE POLYGON
  DATA /mesonet/data/gis/static/shape/26915/iowa/iacounties.shp
  PROJECTION
    "init=epsg:26915"
  END
  LABELCACHE ON
  LABELITEM 'CO_NAME'
  LABELMAXSCALE 400000
  CLASS
    OUTLINECOLOR 250 250 250
#    COLOR 140 144 90
    LABEL 
      SIZE TINY
      TYPE BITMAP
      POSITION LC
#      COLOR 90 90 90
      COLOR 250 250 250
      PARTIALS FALSE
      FORCE FALSE
    END
  END
END

#
LAYER
  NAME mwcounties
  STATUS OFF
  TYPE LINE
  DATA /mesonet/data/gis/static/shape/26915/us/counties.shp
  PROJECTION
    "init=epsg:26915"
  END
  CLASS
    COLOR 250 250 250
  END
END

LAYER
  NAME states
  STATUS OFF
  TYPE LINE
  DATA /mesonet/data/gis/static/shape/26915/us/states.shp
  PROJECTION
    "init=epsg:26915"
  END
  CLASS
    STYLE
      COLOR 0 0 0
      SYMBOL 'circle'
      SIZE 3
    END
  END
END


LAYER
  NAME datalayer
  STATUS OFF
  TYPE ANNOTATION
  LABELCACHE ON
  PROJECTION
   "init=epsg:4326"
  END
  CLASS
  	STYLE
  	END
    LABEL
      COLOR  255 255 0
      OUTLINECOLOR  0 0 0
      SHADOWCOLOR 0 0 0
      SHADOWSIZE 1 1
      SIZE 14
      MINSIZE 4
      MAXSIZE 18
      TYPE TRUETYPE
      FONT 'liberation-bold'
      ANTIALIAS TRUE
      BUFFER 2
      FORCE TRUE
      POSITION UC
      OFFSET 0 3
    END
  END
  CLASS
  	STYLE
  	END
    COLOR -1 -1 -1
    LABEL
      COLOR  255 255 255
      OUTLINECOLOR 0 0 0
      SHADOWCOLOR 0 0 0
      SHADOWSIZE 1 1
      SIZE 14
      MINSIZE 4
      MAXSIZE 18
      TYPE TRUETYPE
      FONT 'liberation-bold'
      ANTIALIAS true
      BUFFER 2
      FORCE TRUE
      POSITION LC
      OFFSET 0 5
    END
  END
END

LAYER
  TYPE POINT
  NAME dot
  STATUS OFF
  LABELCACHE OFF
  PROJECTION
   "init=epsg:4326"
  END
  CLASS
  	LABEL
  	END
  	STYLE
		SYMBOL 'circle'
		COLOR 255 0 0
		SIZE 6
	END
  END
END



LAYER
  NAME interstates
  TYPE LINE
  STATUS OFF
  PROJECTION
   "init=epsg:26915"
  END
  DATA /mesonet/data/gis/static/shape/26915/iowa/nhpn_roads.shp
  CLASSITEM "SIGNT1"
  CLASS
	EXPRESSION /I/
	STYLE
	  COLOR 255 0 0
      WIDTH 4
    END
    STYLE
      WIDTH 2
      COLOR 0 0 0
    END
  END
END

LAYER
 NAME usinterstates
 TYPE LINE
 STATUS OFF
 PROJECTION
  "init=epsg:4326"
 END
 DATA "/mesonet/data/gis/static/shape/4326/us/interstates.shp"
 CLASS
    COLOR 255 0 0
	STYLE
	  COLOR 255 0 0
      WIDTH 4
    END
    STYLE
      WIDTH 2
      COLOR 0 0 0
    END
  END
END


LAYER
  NAME interstates_label
  TYPE ANNOTATION
  STATUS OFF
  PROJECTION
   "init=epsg:26915"
  END
  LABELITEM "SIGNN1"
  CLASSITEM "SIGNT1"
  DATA /mesonet/data/gis/static/shape/26915/iowa/nhpn_roads.shp
  CLASS
    EXPRESSION /I/
    COLOR -1 -1 -1
    SYMBOL 'interstate_shield'
    LABEL
      TYPE TRUETYPE
      FONT 'liberation-bold'
      POSITION CC
      MINDISTANCE 100
      MINFEATURESIZE 10
      SIZE 6
      COLOR 255 255 255
      PARTIALS FALSE
    END
  END
END


LAYER
  NAME roads
  STATUS OFF
  TYPE LINE
  DATA "/mesonet/data/gis/static/shape/26915/iowa/nhpn_roads.shp"
  CLASSITEM "SIGNT1"
  MAXSCALE 1000000
  PROJECTION
    "init=epsg:26915"
  END
  CLASS
    EXPRESSION /U/
    STYLE
	  COLOR 0 0 0
      WIDTH 3
    END
    STYLE
      WIDTH 1
      COLOR 250 250 250
    END    
  END
  CLASS
    EXPRESSION /C|S/
    STYLE
      WIDTH 1
      COLOR 0 0 0
    END
  END
END

LAYER
  NAME roads_label
  TYPE ANNOTATION
  STATUS OFF
  LABELITEM SIGNN1
  MAXSCALE 1000000
  DATA "/mesonet/data/gis/static/shape/26915/iowa/nhpn_roads.shp"
  CLASSITEM "SIGNT1"
  LABELCACHE ON
  CLASS
    EXPRESSION /U/
    COLOR -1 -1 -1
    SYMBOL 'us_highway_shield'
    LABEL
      TYPE BITMAP
     # FONT arial
      POSITION CC
      MINDISTANCE 100
      MINFEATURESIZE 30
      SIZE TINY
      BUFFER 20
      COLOR 0 0 0
      PARTIALS FALSE
    END
  END
  CLASS
    EXPRESSION /S/
    COLOR -1 -1 -1
    SYMBOL 'state_highway_shield'
    LABEL
      TYPE BITMAP
     # FONT arial
      POSITION CC
      MINDISTANCE 100
      MINFEATURESIZE 30
      SIZE TINY
      BUFFER 20
      COLOR 0 0 0
      PARTIALS FALSE
    END
  END

END


LAYER 
  NAME logo
  TYPE POINT
  STATUS OFF
  TRANSFORM FALSE
  LABELCACHE OFF
  CLASS
  	LABEL
  	END
  	STYLE
	    SYMBOL 'iem_logo'
    	COLOR 0 0 0
    END
  END
END


END
